<?xml version="1.0" encoding="utf-8"?><testsuites><testsuite name="pytest" errors="0" failures="0" skipped="0" tests="14" time="0.052" timestamp="2025-02-01T19:04:06.460571+00:00" hostname="ALEXANDRUS-IMAC.station"><testcase classname="tests.leetcode.test_lc_3110" name="test_array_strings_are_equal[hello-13]" time="0.001" /><testcase classname="tests.leetcode.test_lc_3110" name="test_array_strings_are_equal[zaz-50]" time="0.000" /><testcase classname="tests.leetcode.test_solution_1431" name="test_kids_with_candies" time="0.000" /><testcase classname="tests.leetcode.test_solution_1480" name="test_runningSum[test_input0-expected0]" time="0.000" /><testcase classname="tests.leetcode.test_solution_1480" name="test_runningSum[test_input1-expected1]" time="0.000" /><testcase classname="tests.leetcode.test_solution_1480" name="test_runningSum[test_input2-expected2]" time="0.000" /><testcase classname="tests.leetcode.test_solution_1662" name="test_array_strings_are_equal" time="0.000" /><testcase classname="tests.leetcode.test_solution_1672" name="test_maximum_wealth" time="0.000" /><testcase classname="tests.leetcode.test_solution_1678" name="test_interpret" time="0.000" /><testcase classname="tests.leetcode.test_solution_1684" name="test_count_consistent_strings" time="0.000" /><testcase classname="tests.leetcode.test_solution_1688" name="test_number_of_matches" time="0.000" /><testcase classname="tests.leetcode.test_solution_1704" name="test_halves_are_alike" time="0.000" /><testcase classname="tests.leetcode.test_solution_1720" name="test_decode" time="0.000" /><testcase classname="tests.leetcode.test_solution_1732" name="test_largest_altitude" time="0.000" /></testsuite></testsuites>